Sending build context to Docker daemon  8.704kB

Step 1/5 : FROM python:3.13-slim
3.13-slim: Pulling from library/python
b14f2539d39c: Pulling fs layer
49ae429f6151: Pulling fs layer
6b37362b3da7: Pulling fs layer
7e7563f2ddb6: Pulling fs layer
3d7514e137f6: Download complete
b14f2539d39c: Download complete
3322f296845f: Download complete
6b37362b3da7: Download complete
49ae429f6151: Download complete
6b37362b3da7: Pull complete
7e7563f2ddb6: Download complete
49ae429f6151: Pull complete
b14f2539d39c: Pull complete
7e7563f2ddb6: Pull complete
Digest: sha256:3dd7cc108ec1493442514f5c2a871af6af0ec31d768ff6e378a93340c3b3db5f
Status: Downloaded newer image for python:3.13-slim
 ---> 3dd7cc108ec1
Step 2/5 : WORKDIR /work
 ---> Running in 71def98665e1
 ---> Removed intermediate container 71def98665e1
 ---> f9841c2ba2a8
Step 3/5 : COPY main.c Makefile ./
 ---> 073a456a108c
Step 4/5 : RUN make
 ---> Running in 880ad3093528
[91m/bin/sh: 1: make: not found
[0m